// Jest Snapshot v1, https://goo.gl/fbAQLP

exports[`<CartCount /> Matches snapshot 1`] = `
<div>
  <span
    class="CartCount__AnimationStyles-sc-xxvp4g-1 bVlQYg"
  >
    <div>
      <div
        class="CartCount__Dot-sc-xxvp4g-0 jASszP"
      >
        11
      </div>
    </div>
  </span>
</div>
`;
