// Jest Snapshot v1, https://goo.gl/fbAQLP

exports[`<Product/> Renders and matches the snapshot 1`] = `
<div>
  <div
    class="ItemStyles-sc-16pk14u-0 ftBZFq"
  >
    <img
      alt="dogs are best"
      src="dog.jpg"
    />
    <h3
      class="Title-sc-16nq74k-0 kBnoQb"
    >
      <a
        href="/product/abc123"
      >
        dogs are best
      </a>
    </h3>
    <span
      class="PriceTag-sc-nwbk6t-0 zDzVV"
    >
      $50
    </span>
    <p>
      dogs
    </p>
    <div
      class="buttonList"
    >
      <a
        href="/update?id=abc123"
      >
        Edit ðŸ–‰
      </a>
      <button
        style="cursor: pointer;"
        type="button"
      >
        Add
         To Cart ðŸ‘œ
      </button>
      <button
        style="cursor: pointer;"
        type="button"
      >
        Delete ðŸ—‘
      </button>
    </div>
  </div>
</div>
`;
