// Jest Snapshot v1, https://goo.gl/fbAQLP

exports[`<RequestReset/> renders and matches snapshot 1`] = `
<div>
  <form
    class="Form-sc-1xszr8q-0 jndoER"
    method="POST"
  >
    <h2>
      Reset Password
    </h2>
    <fieldset>
      <label
        for="email"
      >
        Email
        <input
          autocomplete="email"
          name="email"
          placeholder="Email"
          type="email"
          value=""
        />
      </label>
      <button
        type="submit"
      >
        Send a Reset Password Request
      </button>
    </fieldset>
  </form>
</div>
`;
